// Jest Snapshot v1, https://goo.gl/fbAQLP

exports[`Testing the calculator Calculator is rendered 1`] = `
<div
  className="calc-container"
>
  <h2>
    Lets do some Math!
  </h2>
  <div
    className="main-container"
  >
    <div
      className="input"
    >
      <span>
        0
      </span>
    </div>
    <form
      className="calc-btns"
    >
      <input
        onClick={[Function]}
        type="button"
        value="AC"
      />
      <input
        onClick={[Function]}
        type="button"
        value="+/-"
      />
      <input
        onClick={[Function]}
        type="button"
        value="%"
      />
      <input
        className="peach"
        onClick={[Function]}
        type="button"
        value="รท"
      />
      <input
        onClick={[Function]}
        type="button"
        value="7"
      />
      <input
        onClick={[Function]}
        type="button"
        value="8"
      />
      <input
        onClick={[Function]}
        type="button"
        value="9"
      />
      <input
        className="peach"
        onClick={[Function]}
        type="button"
        value="x"
      />
      <input
        onClick={[Function]}
        type="button"
        value="4"
      />
      <input
        onClick={[Function]}
        type="button"
        value="5"
      />
      <input
        onClick={[Function]}
        type="button"
        value="6"
      />
      <input
        className="peach"
        onClick={[Function]}
        type="button"
        value="-"
      />
      <input
        onClick={[Function]}
        type="button"
        value="3"
      />
      <input
        onClick={[Function]}
        type="button"
        value="2"
      />
      <input
        onClick={[Function]}
        type="button"
        value="1"
      />
      <input
        className="peach"
        onClick={[Function]}
        type="button"
        value="+"
      />
      <input
        className="zero"
        onClick={[Function]}
        type="button"
        value="0"
      />
      <input
        onClick={[Function]}
        type="button"
        value="."
      />
      <input
        className="peach"
        onClick={[Function]}
        type="button"
        value="="
      />
    </form>
  </div>
</div>
`;
